Test Setup Complete. Running Reconciliation Engine...

--- Matched Rows ---
Desc: Payment for CSV-1001 thanks | Amt: 1500 | Match Type: invoice | Match Confidence: exact
Desc: Fee FEE-999 Bank Charges | Amt: -45.5 | Match Type: expense | Match Confidence: exact
Desc: Birthday Gift for Boss | Amt: -100 | Match Type: misc | Match Confidence: unmatched

Finalizing Reconciliation...

--- Verification ---
Invoice Status: sent
Total Cash Book Entries Created: 0

SUCCESS!
